../Drivers/CMSIS/Include/core_cm4.h:2059:26:ITM_SendChar	16	static,ignoring_inline_asm
../Core/Src/main.c:64:5:_write	32	static
../Core/Src/main.c:72:6:HAL_UART_RxCpltCallback	16	static
../Core/Src/main.c:91:6:AppendToStorage	16	static
../Core/Src/main.c:110:5:main	8	static
../Core/Src/main.c:157:6:SystemClock_Config	96	static
../Core/Src/main.c:208:13:MX_USART2_UART_Init	8	static
../Core/Src/main.c:243:13:MX_GPIO_Init	16	static
../Core/Src/main.c:264:6:Error_Handler	4	static,ignoring_inline_asm
