../Drivers/CMSIS/Include/core_cm4.h:2059:26:ITM_SendChar	16	static,ignoring_inline_asm
../Core/Src/main.c:70:1:__io_putchar	16	static
../Core/Src/main.c:76:9:Compute_Parity	24	static
../Core/Src/main.c:86:9:Compute_Checksum	24	static
../Core/Src/main.c:96:6:Send_LIN_Frame	24	static
../Core/Src/main.c:131:5:main	8	static
../Core/Src/main.c:183:6:SystemClock_Config	96	static
../Core/Src/main.c:234:13:MX_USART1_UART_Init	8	static
../Core/Src/main.c:269:13:MX_GPIO_Init	16	static
../Core/Src/main.c:290:6:Error_Handler	4	static,ignoring_inline_asm
