../Drivers/CMSIS/Include/core_cm4.h:2059:26:ITM_SendChar	16	static,ignoring_inline_asm
../Core/Src/main.c:67:5:_write	32	static
../Core/Src/main.c:86:5:main	112	static
../Core/Src/main.c:149:6:SystemClock_Config	96	static
../Core/Src/main.c:200:13:MX_TIM6_Init	24	static
../Core/Src/main.c:238:13:MX_USART1_UART_Init	8	static
../Core/Src/main.c:273:13:MX_GPIO_Init	40	static
../Core/Src/main.c:298:6:delay_us	16	static
../Core/Src/main.c:304:6:DHT11_Start	32	static
../Core/Src/main.c:322:9:DHT11_Read	16	static
../Core/Src/main.c:357:6:Error_Handler	4	static,ignoring_inline_asm
