22:05:18 **** Incremental Build of configuration Debug for project CanSend2 ****
make -j4 all 
arm-none-eabi-gcc "../Core/Src/main.c" -mcpu=cortex-m4 -std=gnu11 -g3 -DDEBUG -DUSE_HAL_DRIVER -DSTM32L476xx -c -I../Core/Inc -I../Drivers/STM32L4xx_HAL_Driver/Inc -I../Drivers/STM32L4xx_HAL_Driver/Inc/Legacy -I../Drivers/CMSIS/Device/ST/STM32L4xx/Include -I../Drivers/CMSIS/Include -O0 -ffunction-sections -fdata-sections -Wall -fstack-usage -fcyclomatic-complexity -MMD -MP -MF"Core/Src/main.d" -MT"Core/Src/main.o" --specs=nano.specs -mfpu=fpv4-sp-d16 -mfloat-abi=hard -mthumb -o "Core/Src/main.o"
../Core/Src/main.c: In function 'PrintCANFrame':
../Core/Src/main.c:76:22: warning: format '%X' expects argument of type 'unsigned int', but argument 2 has type 'uint32_t' {aka 'long unsigned int'} [-Wformat=]
   76 |     printf("ID: 0x%03X (%11b)\n", header->StdId, header->StdId);
      |                   ~~~^            ~~~~~~~~~~~~~
      |                      |                  |
      |                      unsigned int       uint32_t {aka long unsigned int}
      |                   %03lX
../Core/Src/main.c:76:28: warning: unknown conversion type character 'b' in format [-Wformat=]
   76 |     printf("ID: 0x%03X (%11b)\n", header->StdId, header->StdId);
      |                            ^
../Core/Src/main.c:76:12: warning: too many arguments for format [-Wformat-extra-args]
   76 |     printf("ID: 0x%03X (%11b)\n", header->StdId, header->StdId);
      |            ^~~~~~~~~~~~~~~~~~~~~
../Core/Src/main.c:88:19: warning: format '%d' expects argument of type 'int', but argument 2 has type 'uint32_t' {aka 'long unsigned int'} [-Wformat=]
   88 |     printf("DLC: %d (%04b)\n", header->DLC, header->DLC);
      |                  ~^            ~~~~~~~~~~~
      |                   |                  |
      |                   int                uint32_t {aka long unsigned int}
      |                  %ld
../Core/Src/main.c:88:25: warning: unknown conversion type character 'b' in format [-Wformat=]
   88 |     printf("DLC: %d (%04b)\n", header->DLC, header->DLC);
      |                         ^
../Core/Src/main.c:88:12: warning: too many arguments for format [-Wformat-extra-args]
   88 |     printf("DLC: %d (%04b)\n", header->DLC, header->DLC);
      |            ^~~~~~~~~~~~~~~~~~
arm-none-eabi-gcc -o "CanSend2.elf" @"objects.list"   -mcpu=cortex-m4 -T"C:\Ayedi\STM\CanSend2\STM32L476RGTX_FLASH.ld" --specs=nosys.specs -Wl,-Map="CanSend2.map" -Wl,--gc-sections -static --specs=nano.specs -mfpu=fpv4-sp-d16 -mfloat-abi=hard -mthumb -Wl,--start-group -lc -lm -Wl,--end-group
Finished building target: CanSend2.elf
 
arm-none-eabi-size   CanSend2.elf 
arm-none-eabi-objdump -h -S  CanSend2.elf  > "CanSend2.list"
   text	   data	    bss	    dec	    hex	filename
  12484	    112	   1984	  14580	   38f4	CanSend2.elf
Finished building: default.size.stdout
 
Finished building: CanSend2.list
 
22:05:23 **** Incremental Build of configuration Debug for project CanSend2 ****
make -j4 all 
arm-none-eabi-size   CanSend2.elf 
   text	   data	    bss	    dec	    hex	filename
  12484	    112	   1984	  14580	   38f4	CanSend2.elf
Finished building: default.size.stdout
 
22:10:01 **** Incremental Build of configuration Debug for project CanSend2 ****
make -j4 all 
arm-none-eabi-size   CanSend2.elf 
   text	   data	    bss	    dec	    hex	filename
  12484	    112	   1984	  14580	   38f4	CanSend2.elf
Finished building: default.size.stdout
 
11:32:52 **** Build of configuration Debug for project LinSendLib_med3 ****
make -j4 all 
arm-none-eabi-size   LinSendLib_med3.elf 
   text	   data	    bss	    dec	    hex	filename
  23936	    112	   2048	  26096	   65f0	LinSendLib_med3.elf
Finished building: default.size.stdout
 
11:40:13 **** Incremental Build of configuration Debug for project LinSendLib_med3 ****
make -j4 all 
arm-none-eabi-size   LinSendLib_med3.elf 
   text	   data	    bss	    dec	    hex	filename
  23936	    112	   2048	  26096	   65f0	LinSendLib_med3.elf
Finished building: default.size.stdout
 
11:43:30 **** Incremental Build of configuration Debug for project LinSendLib_med3 ****
make -j4 all 
arm-none-eabi-size   LinSendLib_med3.elf 
   text	   data	    bss	    dec	    hex	filename
  23936	    112	   2048	  26096	   65f0	LinSendLib_med3.elf
Finished building: default.size.stdout
 
11:45:57 **** Build of configuration Debug for project LinReceiveLib_med3 ****
make -j4 all 
arm-none-eabi-size   LinReceiveLib_med3.elf 
   text	   data	    bss	    dec	    hex	filename
  27124	    112	   2048	  29284	   7264	LinReceiveLib_med3.elf
Finished building: default.size.stdout
 
12:04:58 **** Incremental Build of configuration Debug for project LinSendLib_med3 ****
make -j4 all 
arm-none-eabi-size   LinSendLib_med3.elf 
   text	   data	    bss	    dec	    hex	filename
  23936	    112	   2048	  26096	   65f0	LinSendLib_med3.elf
Finished building: default.size.stdout
 
