../Drivers/CMSIS/Include/core_cm4.h:2059:26:ITM_SendChar	16	static,ignoring_inline_asm
../Core/Src/main.c:72:5:_write	32	static
../Core/Src/main.c:81:6:HAL_UART_RxCpltCallback	16	static
../Core/Src/main.c:101:6:AppendToStorage	16	static
../Core/Src/main.c:121:5:main	24	static
../Core/Src/main.c:185:6:SystemClock_Config	96	static
../Core/Src/main.c:236:13:MX_USART2_UART_Init	8	static
../Core/Src/main.c:271:13:MX_GPIO_Init	16	static
../Core/Src/main.c:292:6:Error_Handler	4	static,ignoring_inline_asm
