../Drivers/CMSIS/Include/core_cm4.h:2059:26:ITM_SendChar	16	static,ignoring_inline_asm
../Core/Src/main.c:63:5:_write	32	static
../Core/Src/main.c:72:6:HAL_UART_RxCpltCallback	16	static
../Core/Src/main.c:79:6:HAL_UART_ErrorCallback	16	static
../Core/Src/main.c:90:5:main	8	static
../Core/Src/main.c:149:6:SystemClock_Config	96	static
../Core/Src/main.c:200:13:MX_USART1_UART_Init	8	static
../Core/Src/main.c:235:13:MX_GPIO_Init	40	static
../Core/Src/main.c:267:6:Error_Handler	4	static,ignoring_inline_asm
