../Core/Src/main.c:76:5:main	64	static
../Core/Src/main.c:132:6:SystemClock_Config	96	static
../Core/Src/main.c:183:13:MX_TIM6_Init	24	static
../Core/Src/main.c:221:13:MX_USART2_UART_Init	8	static
../Core/Src/main.c:256:13:MX_GPIO_Init	40	static
../Core/Src/main.c:284:6:delay_us	16	static
../Core/Src/main.c:291:6:DHT11_Start	32	static
../Core/Src/main.c:310:9:DHT11_Read	16	static
../Core/Src/main.c:344:6:UART_Transmit	16	static
../Core/Src/main.c:352:6:Error_Handler	4	static,ignoring_inline_asm
